# Generated by pdns-recursor REST API, DO NOT EDIT
incoming:
  allow_notify_from_file: ''
  allow_notify_from: !override
  - 127.0.0.0/24

